// Jest Snapshot v1, https://goo.gl/fbAQLP

exports[`if accept unexpected arguments, will return all state false. 1`] = `
Object {
  "failure": false,
  "pending": false,
  "success": false,
}
`;
